Microchip MPLAB XC8 Compiler V2.36

Linker command line:

--edf=C:\Program Files\Microchip\xc8\v2.36\pic\dat\en_msgs.txt -cn \
  -h+build\main.sym --cmf=build\main.cmf -z -Q18F2550 \
  -oC:\Users\DIEGO~1.ZUI\AppData\Local\Temp\xcAs12lo.4 -Mbuild/main.map \
  --md=C:\Users\DIEGO~1.ZUI\AppData\Local\Temp\xcAs12lo.dat \
  -ver=XC8 Compiler --acfsm=1493 -ACODE=00h-07FFFh -ACONST=00h-07FFFh \
  -ASMALLCONST=0800h-08FFhx120 -AMEDIUMCONST=0800h-07FFFh -ACOMRAM=01h-05Fh \
  -AABS1=00h-07FFh -ABIGRAM=01h-07FFh -ARAM=060h-0FFh,0100h-01FFhx7 \
  -ABANK0=060h-0FFh -ABANK1=0100h-01FFh -ABANK2=0200h-02FFh \
  -ABANK3=0300h-03FFh -ABANK4=0400h-04FFh -ABANK5=0500h-05FFh \
  -ABANK6=0600h-06FFh -ABANK7=0700h-07FFh -ASFR=0F60h-0FFFh \
  -ABIGSFR=0F60h-0FFFh -ACONFIG=0300000h-030000Dh -AIDLOC=0200000h-0200007h \
  -AEEDATA=0F00000h-0F000FFh -peeprom_data=EEDATA \
  -preset_vec=00h,intcode=08h,intcodelo=018h,powerup,init -pramtop=0800h \
  -psmallconst=SMALLCONST -pmediumconst=MEDIUMCONST -pconst=CONST \
  -AFARRAM=00h-00h \
  -prdata=COMRAM,nvrram=COMRAM,nvbit=COMRAM,rbss=COMRAM,rbit=COMRAM \
  -pfarbss=FARRAM,fardata=FARRAM,nvFARRAM=FARRAM \
  -pintsave_regs=BIGRAM,bigbss=BIGRAM,bigdata=BIGRAM -pbss=RAM \
  -pidata=CODE,irdata=CODE,ibigdata=CODE,ifardata=CODE -prparam=COMRAM \
  build\startup.obj build\main.obj 

Object code version is 3.11

Machine type is 18F2550



                Name                               Link     Load   Length Selector   Space Scale
build\startup.obj
                config                           300000   300000        E        0       4
                init                                 2A       2A        4        C       0
                reset_vec                             0        0        4        0       0
build\main.obj  intcodelo                            18       18       12        C       0
                intcode                               8        8        6        4       0
                config                           300000   300000        E        0       4
                temp                                 54       54        1        1       1
                mediumconst                        7E86     7E86      17A     3F43       0
                text94                             4144     4144       16        C       0
                text93                             417E     417E       12        C       0
                text92                             3DD4     3DD4       3C        C       0
                intcode_body                       3326     3326       E6        C       0
                text89                             409C     409C       22        C       0
                text88                             1586     1586      30C        C       0
                text87                             1B4A     1B4A      28A        C       0
                text86                             125A     125A      32C        C       0
                text85                             35A2     35A2       BA        C       0
                text84                             2846     2846      140        C       0
                text83                             365C     365C       B0        C       0
                text82                             4116     4116       18        C       0
                text81                             40FE     40FE       18        C       0
                text80                             416C     416C       12        C       0
                text79                             2436     2436      184        C       0
                text78                             412E     412E       16        C       0
                text77                             4002     4002       28        C       0
                text76                             3E80     3E80       36        C       0
                text75                             41DE     41DE        C        C       0
                text74                             427A     427A        8        C       0
                text73                             4272     4272        8        C       0
                text72                             426A     426A        8        C       0
                text71                             370C     370C       A6        C       0
                text70                             3F1C     3F1C       32        C       0
                text69                             1892     1892      2B8        C       0
                text68                             4258     4258        A        C       0
                text67                             4076     4076       26        C       0
                text66                             3E10     3E10       3A        C       0
                text65                             3FD8     3FD8       2A        C       0
                text64                             40DE     40DE       20        C       0
                text63                             3960     3960       8A        C       0
                text62                             4050     4050       26        C       0
                text61                             3F4E     3F4E       30        C       0
                text60                             3D96     3D96       3E        C       0
                text59                             2D16     2D16      112        C       0
                text58                             2AC0     2AC0      132        C       0
                text57                             3D54     3D54       42        C       0
                text56                             2702     2702      144        C       0
                text55                             3FAC     3FAC       2C        C       0
                text54                             3E4A     3E4A       36        C       0
                text53                             3240     3240       E6        C       0
                text52                             37B2     37B2       94        C       0
                text51                             314E     314E       F2        C       0
                text50                             34E2     34E2       C0        C       0
                text49                             340C     340C       D6        C       0
                text48                             3B30     3B30       5C        C       0
                text47                               2E       2E      90A        C       0
                text46                             424E     424E        A        C       0
                text45                             41D2     41D2        C        C       0
                text44                             40BE     40BE       20        C       0
                text43                             41C6     41C6        C        C       0
                text42                             3F7E     3F7E       2E        C       0
                text41                             41A0     41A0        E        C       0
                text40                             3B8C     3B8C       56        C       0
                text39                             3C36     3C36       52        C       0
                text38                             3D12     3D12       42        C       0
                text37                             402A     402A       26        C       0
                text36                             25BA     25BA      148        C       0
                text35                             2BF2     2BF2      124        C       0
                text34                             3EEA     3EEA       32        C       0
                text33                             41BA     41BA        C        C       0
                text32                             4244     4244        A        C       0
                text31                             3846     3846       90        C       0
                text30                             3EB6     3EB6       34        C       0
                text29                             38D6     38D6       8A        C       0
                text28                             1DD4     1DD4      240        C       0
                text27                             2F38     2F38      10C        C       0
                text26                             2246     2246      1F0        C       0
                text25                             3C88     3C88       48        C       0
                text24                             3CD0     3CD0       42        C       0
                text23                             3BE2     3BE2       54        C       0
                text22                             3A60     3A60       72        C       0
                text21                              EB8      EB8      3A2        C       0
                text20                             2014     2014      232        C       0
                text19                             415A     415A       12        C       0
                text18                             4190     4190       10        C       0
                text17                              938      938      580        C       0
                text16                             41AE     41AE        C        C       0
                text15                             2986     2986      13A        C       0
                text14                             423A     423A        A        C       0
                text13                             2E28     2E28      110        C       0
                text12                             4230     4230        A        C       0
                text11                             3044     3044      10A        C       0
                text10                             4226     4226        A        C       0
                text9                              428A     428A        6     2145       0
                text8                              4290     4290        4     2145       0
                text7                              4262     4262        8        C       0
                text6                              421C     421C        A        C       0
                text5                              4212     4212        A        C       0
                text4                              4208     4208        A        C       0
                text3                              41FE     41FE        A        C       0
                text2                              41F4     41F4        A        C       0
                text1                              41EA     41EA        A        C       0
                text0                              39EA     39EA       76        C       0
                cstackCOMRAM                          1        1       46        1       1
                cstackBANK0                          B8       B8       46       60       1
                cstackBANK1                         1E7      1E7        9      100       1
                bssBANK2                            200      200       4F      200       1
                dataBANK1                           1F0      1F0        7      100       1
                bssBANK1                            100      100       E7      100       1
                bssBANK0                             60       60       58       60       1
                bssCOMRAM                            47       47        D        1       1
                cinit                              3AD2     3AD2       5E        C       0
                idataBANK1                         4282     4282        7        C       0

TOTAL           Name                               Link     Load   Length     Space
        CLASS   CODE           
                intcodelo                            18       18       12         0
                intcode                               8        8        6         0
                init                                 2A       2A        4         0
                reset_vec                             0        0        4         0
                text94                             4144     4144       16         0
                text93                             417E     417E       12         0
                text92                             3DD4     3DD4       3C         0
                intcode_body                       3326     3326       E6         0
                text89                             409C     409C       22         0
                text88                             1586     1586      30C         0
                text87                             1B4A     1B4A      28A         0
                text86                             125A     125A      32C         0
                text85                             35A2     35A2       BA         0
                text84                             2846     2846      140         0
                text83                             365C     365C       B0         0
                text82                             4116     4116       18         0
                text81                             40FE     40FE       18         0
                text80                             416C     416C       12         0
                text79                             2436     2436      184         0
                text78                             412E     412E       16         0
                text77                             4002     4002       28         0
                text76                             3E80     3E80       36         0
                text75                             41DE     41DE        C         0
                text74                             427A     427A        8         0
                text73                             4272     4272        8         0
                text72                             426A     426A        8         0
                text71                             370C     370C       A6         0
                text70                             3F1C     3F1C       32         0
                text69                             1892     1892      2B8         0
                text68                             4258     4258        A         0
                text67                             4076     4076       26         0
                text66                             3E10     3E10       3A         0
                text65                             3FD8     3FD8       2A         0
                text64                             40DE     40DE       20         0
                text63                             3960     3960       8A         0
                text62                             4050     4050       26         0
                text61                             3F4E     3F4E       30         0
                text60                             3D96     3D96       3E         0
                text59                             2D16     2D16      112         0
                text58                             2AC0     2AC0      132         0
                text57                             3D54     3D54       42         0
                text56                             2702     2702      144         0
                text55                             3FAC     3FAC       2C         0
                text54                             3E4A     3E4A       36         0
                text53                             3240     3240       E6         0
                text52                             37B2     37B2       94         0
                text51                             314E     314E       F2         0
                text50                             34E2     34E2       C0         0
                text49                             340C     340C       D6         0
                text48                             3B30     3B30       5C         0
                text47                               2E       2E      90A         0
                text46                             424E     424E        A         0
                text45                             41D2     41D2        C         0
                text44                             40BE     40BE       20         0
                text43                             41C6     41C6        C         0
                text42                             3F7E     3F7E       2E         0
                text41                             41A0     41A0        E         0
                text40                             3B8C     3B8C       56         0
                text39                             3C36     3C36       52         0
                text38                             3D12     3D12       42         0
                text37                             402A     402A       26         0
                text36                             25BA     25BA      148         0
                text35                             2BF2     2BF2      124         0
                text34                             3EEA     3EEA       32         0
                text33                             41BA     41BA        C         0
                text32                             4244     4244        A         0
                text31                             3846     3846       90         0
                text30                             3EB6     3EB6       34         0
                text29                             38D6     38D6       8A         0
                text28                             1DD4     1DD4      240         0
                text27                             2F38     2F38      10C         0
                text26                             2246     2246      1F0         0
                text25                             3C88     3C88       48         0
                text24                             3CD0     3CD0       42         0
                text23                             3BE2     3BE2       54         0
                text22                             3A60     3A60       72         0
                text21                              EB8      EB8      3A2         0
                text20                             2014     2014      232         0
                text19                             415A     415A       12         0
                text18                             4190     4190       10         0
                text17                              938      938      580         0
                text16                             41AE     41AE        C         0
                text15                             2986     2986      13A         0
                text14                             423A     423A        A         0
                text13                             2E28     2E28      110         0
                text12                             4230     4230        A         0
                text11                             3044     3044      10A         0
                text10                             4226     4226        A         0
                text9                              428A     428A        6         0
                text8                              4290     4290        4         0
                text7                              4262     4262        8         0
                text6                              421C     421C        A         0
                text5                              4212     4212        A         0
                text4                              4208     4208        A         0
                text3                              41FE     41FE        A         0
                text2                              41F4     41F4        A         0
                text1                              41EA     41EA        A         0
                text0                              39EA     39EA       76         0
                cinit                              3AD2     3AD2       5E         0
                idataBANK1                         4282     4282        7         0

        CLASS   CONST          

        CLASS   SMALLCONST     

        CLASS   MEDIUMCONST    
                mediumconst                        7E86     7E86      17A         0

        CLASS   COMRAM         
                temp                                 54       54        1         1
                cstackCOMRAM                          1        1       46         1
                bssCOMRAM                            47       47        D         1

        CLASS   ABS1           

        CLASS   BIGRAM         

        CLASS   RAM            

        CLASS   BANK0          
                cstackBANK0                          B8       B8       46         1
                bssBANK0                             60       60       58         1

        CLASS   BANK1          
                cstackBANK1                         1E7      1E7        9         1
                dataBANK1                           1F0      1F0        7         1
                bssBANK1                            100      100       E7         1

        CLASS   BANK2          
                bssBANK2                            200      200       4F         1

        CLASS   BANK3          

        CLASS   BANK4          

        CLASS   BANK5          

        CLASS   BANK6          

        CLASS   BANK7          

        CLASS   SFR            

        CLASS   BIGSFR         

        CLASS   CONFIG         
                config                           300000   300000        E         4

        CLASS   IDLOC          

        CLASS   EEDATA         

        CLASS   FARRAM         

        CLASS   HEAP           

        CLASS   STACK          



SEGMENTS        Name                           Load    Length   Top    Selector   Space  Class

                reset_vec                      000000  000004  000004         0       0  CODE    
                cstackCOMRAM                   000001  000054  000055         1       1  COMRAM  
                intcode                        000008  000006  00000E         4       0  CODE    
                intcodelo                      000018  004271  004289         C       0  CODE    
                bssBANK0                       000060  00009E  0000FE        60       1  BANK0   
                bssBANK1                       000100  0000F7  0001F7       100       1  BANK1   
                bssBANK2                       000200  00004F  00024F       200       1  BANK2   
                text9                          00428A  00000A  004294      2145       0  CODE    
                mediumconst                    007E86  00017A  008000      3F43       0  MEDIUMCO


UNUSED ADDRESS RANGES

        Name                Unused          Largest block    Delta
        BANK0            0000FE-0000FF                2
        BANK1            0001F7-0001FF                9
        BANK2            00024F-0002FF               B1
        BANK3            000300-0003FF              100
        BANK4            000400-0004FF              100
        BANK5            000500-0005FF              100
        BANK6            000600-0006FF              100
        BANK7            000700-0007FF              100
        BIGRAM           000055-00005F                B
                         0000FE-0000FF                2
                         0001F7-0001FF                9
                         00024F-0007FF              5B1
        BIGSFR           000F60-000FFF               A0
        CODE             000004-000007                4
                         00000E-000017                A
                         004289-004289                1
                         004294-007E85             3BF2
        COMRAM           000055-00005F                B
        CONST            000004-000007                4
                         00000E-000017                A
                         004289-004289                1
                         004294-007E85             3BF2
        EEDATA           F00000-F000FF              100
        IDLOC            200000-200007                8
        MEDIUMCONST      004289-004289                1
                         004294-007E85             3BF2
        RAM              0000FE-0000FF                2
                         0001F7-0001FF                9
                         00024F-0007FF              100
        SFR              000F60-000FFF               A0
        SMALLCONST       004289-004289                1
                         004294-007E85              100

                                  Symbol Table

?_ADC_read                       cstackCOMRAM 00000C
?___aodiv                        cstackCOMRAM 00000C
?___aomod                        cstackCOMRAM 00000C
?___fladd                        cstackBANK0  0000C5
?___fldiv                        cstackCOMRAM 000033
?___flmul                        cstackCOMRAM 00001A
?___fltol                        cstackBANK0  0000CD
?___lmul                         cstackCOMRAM 00000C
?___lwdiv                        cstackCOMRAM 00000C
?___lwmod                        cstackCOMRAM 00000C
?___wmul                         cstackCOMRAM 00000C
?___xxtofl                       cstackCOMRAM 00000C
?_abs                            cstackCOMRAM 00001E
?_atoi                           cstackCOMRAM 000013
?_dtoa                           cstackCOMRAM 000026
?_getMillis                      cstackCOMRAM 00000C
?_isdigit                        cstackCOMRAM 00000C
?_isspace                        cstackCOMRAM 00000C
?_pad                            cstackCOMRAM 00001C
?_sprintf                        cstackBANK0  0000CE
?_stoa                           cstackCOMRAM 000016
?_strchr                         cstackCOMRAM 00000C
?_strlen                         cstackCOMRAM 00000C
?_strncmp                        cstackCOMRAM 00000C
?_strstr                         cstackCOMRAM 000017
?_vfpfcnvrt                      cstackCOMRAM 000037
?_vfprintf                       cstackBANK0  0000CA
?i2_getMillis                    cstackCOMRAM 000001
ADC_read@channel                 cstackCOMRAM 000010
BCD_a_Decimal@numero             cstackCOMRAM 00000D
Decimal_a_BCD@numero             cstackCOMRAM 000011
EEpromRead@address               cstackCOMRAM 00000C
EEpromWrite@address              cstackCOMRAM 00000C
EEpromWrite@data                 cstackCOMRAM 00000E
I2C_Master_Init@clock            cstackBANK0  0000D7
I2C_Master_Read@ACK              cstackCOMRAM 000010
I2C_Master_Read@dato             cstackCOMRAM 000011
I2C_Master_Wait@timeout          cstackCOMRAM 00000D
I2C_Master_Write@dato            cstackCOMRAM 00000F
INT_isr@ch                       cstackCOMRAM 00000A
UART_init_baud@baudRate          cstackCOMRAM 00000C
UART_write@dato                  cstackCOMRAM 00000C
_ADCON0bits                      (abs)        000FC2
_ADCON1                          (abs)        000FC1
_ADCON1bits                      (abs)        000FC1
_ADCON2bits                      (abs)        000FC0
_ADC_init                        text89       00409C
_ADC_read                        text42       003F7E
_ADRESH                          (abs)        000FC4
_ADRESL                          (abs)        000FC3
_BCD_a_Decimal                   text78       00412E
_Decimal_a_BCD                   text64       0040DE
_EEADR                           (abs)        000FA9
_EECON1bits                      (abs)        000FA6
_EECON2                          (abs)        000FA7
_EEDATA                          (abs)        000FA8
_EEpromRead                      text41       0041A0
_EEpromWrite                     text67       004076
_I2C_Master_Init                 text83       00365C
_I2C_Master_Read                 text76       003E80
_I2C_Master_Wait                 text77       004002
_I2C_Master_Write                text75       0041DE
_I2C_Repeated_Start              text74       00427A
_I2C_Start                       text73       004272
_I2C_Stop                        text72       00426A
_INTCON3bits                     (abs)        000FF0
_INTCONbits                      (abs)        000FF2
_INT_ISR_LOW                     intcodelo    000018
_INT_init                        text82       004116
_INT_isr                         intcode      000008
_LATAbits                        (abs)        000F89
_LATCbits                        (abs)        000F8B
_PIE1bits                        (abs)        000F9D
_PIR1bits                        (abs)        000F9E
_PIR2bits                        (abs)        000FA1
_RCONbits                        (abs)        000FD0
_RCREG                           (abs)        000FAE
_RCSTAbits                       (abs)        000FAB
_SPBRG                           (abs)        000FAF
_SSPADD                          (abs)        000FC8
_SSPBUF                          (abs)        000FC9
_SSPCON1bits                     (abs)        000FC6
_SSPCON2                         (abs)        000FC5
_SSPCON2bits                     (abs)        000FC5
_SSPSTAT                         (abs)        000FC7
_SSPSTATbits                     (abs)        000FC7
_T0CON                           (abs)        000FD5
_TMR0                            (abs)        000FD6
_TRISAbits                       (abs)        000F92
_TRISBbits                       (abs)        000F93
_TRISCbits                       (abs)        000F94
_TXREG                           (abs)        000FAD
_TXSTAbits                       (abs)        000FAC
_UART_init_baud                  text81       0040FE
_UART_read                       text94       004144
_UART_write                      text33       0041BA
__HRAM                           (abs)        000000
__Habs1                          abs1         000000
__Hbank0                         bank0        000000
__Hbank1                         bank1        000000
__Hbank2                         bank2        000000
__Hbank3                         bank3        000000
__Hbank4                         bank4        000000
__Hbank5                         bank5        000000
__Hbank6                         bank6        000000
__Hbank7                         bank7        000000
__Hbigbss                        bigbss       000000
__Hbigdata                       bigdata      000000
__Hbigram                        bigram       000000
__Hbigsfr                        bigsfr       000000
__Hbss                           bss          000000
__HbssBANK0                      bssBANK0     000000
__HbssBANK1                      bssBANK1     000000
__HbssBANK2                      bssBANK2     000000
__HbssCOMRAM                     bssCOMRAM    000000
__Hcinit                         cinit        000000
__Hclrtext                       clrtext      000000
__Hcomram                        comram       000000
__Hconfig                        config       30000E
__Hconst                         const        000000
__HcstackBANK0                   cstackBANK0  000000
__HcstackBANK1                   cstackBANK1  000000
__HcstackCOMRAM                  cstackCOMRAM 000000
__Hdata                          data         000000
__HdataBANK1                     dataBANK1    000000
__Heeprom_data                   eeprom_data  000000
__Hfarbss                        farbss       000000
__Hfardata                       fardata      000000
__Hheap                          heap         000000
__Hibigdata                      ibigdata     000000
__Hidata                         idata        000000
__HidataBANK1                    idataBANK1   000000
__Hidloc                         idloc        000000
__Hifardata                      ifardata     000000
__Hinit                          init         00002E
__Hintcode                       intcode      00000E
__Hintcode_body                  intcode_body 000000
__Hintcodelo                     intcodelo    00002A
__Hintentry                      intentry     000000
__Hintret                        intret       000000
__Hintsave_regs                  intsave_regs 000000
__Hirdata                        irdata       000000
__Hmediumconst                   mediumconst  008000
__HnvFARRAM                      nvFARRAM     000000
__Hnvbit                         nvbit        000000
__Hnvrram                        nvrram       000000
__Hparam                         rparam       000000
__Hpowerup                       powerup      00002A
__Hram                           ram          000000
__Hramtop                        ramtop       000800
__Hrbit                          rbit         000000
__Hrbss                          rbss         000000
__Hrdata                         rdata        000000
__Hreset_vec                     reset_vec    000004
__Hrparam                        rparam       000000
__Hsfr                           sfr          000000
__Hsmallconst                    smallconst   000000
__Hspace_0                       (abs)        008000
__Hspace_1                       (abs)        00024F
__Hspace_2                       (abs)        000000
__Hspace_4                       (abs)        60000E
__Hstack                         stack        000000
__Hstruct                        struct       000000
__Htemp                          temp         000055
__Htext                          text         000000
__Htext0                         text0        000000
__Htext1                         text1        000000
__Htext10                        text10       000000
__Htext11                        text11       000000
__Htext12                        text12       000000
__Htext13                        text13       000000
__Htext14                        text14       000000
__Htext15                        text15       000000
__Htext16                        text16       000000
__Htext17                        text17       000000
__Htext18                        text18       000000
__Htext19                        text19       000000
__Htext2                         text2        000000
__Htext20                        text20       000000
__Htext21                        text21       000000
__Htext22                        text22       000000
__Htext23                        text23       000000
__Htext24                        text24       000000
__Htext25                        text25       000000
__Htext26                        text26       000000
__Htext27                        text27       000000
__Htext28                        text28       000000
__Htext29                        text29       000000
__Htext3                         text3        000000
__Htext30                        text30       000000
__Htext31                        text31       000000
__Htext32                        text32       000000
__Htext33                        text33       000000
__Htext34                        text34       000000
__Htext35                        text35       000000
__Htext36                        text36       000000
__Htext37                        text37       000000
__Htext38                        text38       000000
__Htext39                        text39       000000
__Htext4                         text4        000000
__Htext40                        text40       000000
__Htext41                        text41       000000
__Htext42                        text42       000000
__Htext43                        text43       000000
__Htext44                        text44       000000
__Htext45                        text45       000000
__Htext46                        text46       000000
__Htext47                        text47       000000
__Htext48                        text48       000000
__Htext49                        text49       000000
__Htext5                         text5        000000
__Htext50                        text50       000000
__Htext51                        text51       000000
__Htext52                        text52       000000
__Htext53                        text53       000000
__Htext54                        text54       000000
__Htext55                        text55       000000
__Htext56                        text56       000000
__Htext57                        text57       000000
__Htext58                        text58       000000
__Htext59                        text59       000000
__Htext6                         text6        000000
__Htext60                        text60       000000
__Htext61                        text61       000000
__Htext62                        text62       000000
__Htext63                        text63       000000
__Htext64                        text64       000000
__Htext65                        text65       000000
__Htext66                        text66       000000
__Htext67                        text67       000000
__Htext68                        text68       000000
__Htext69                        text69       000000
__Htext7                         text7        000000
__Htext70                        text70       000000
__Htext71                        text71       000000
__Htext72                        text72       000000
__Htext73                        text73       000000
__Htext74                        text74       000000
__Htext75                        text75       000000
__Htext76                        text76       000000
__Htext77                        text77       000000
__Htext78                        text78       000000
__Htext79                        text79       000000
__Htext8                         text8        000000
__Htext80                        text80       000000
__Htext81                        text81       000000
__Htext82                        text82       000000
__Htext83                        text83       000000
__Htext84                        text84       000000
__Htext85                        text85       000000
__Htext86                        text86       000000
__Htext87                        text87       000000
__Htext88                        text88       000000
__Htext89                        text89       000000
__Htext9                         text9        000000
__Htext92                        text92       000000
__Htext93                        text93       000000
__Htext94                        text94       000000
__LRAM                           (abs)        000001
__Labs1                          abs1         000000
__Lbank0                         bank0        000000
__Lbank1                         bank1        000000
__Lbank2                         bank2        000000
__Lbank3                         bank3        000000
__Lbank4                         bank4        000000
__Lbank5                         bank5        000000
__Lbank6                         bank6        000000
__Lbank7                         bank7        000000
__Lbigbss                        bigbss       000000
__Lbigdata                       bigdata      000000
__Lbigram                        bigram       000000
__Lbigsfr                        bigsfr       000000
__Lbss                           bss          000000
__LbssBANK0                      bssBANK0     000000
__LbssBANK1                      bssBANK1     000000
__LbssBANK2                      bssBANK2     000000
__LbssCOMRAM                     bssCOMRAM    000000
__Lcinit                         cinit        000000
__Lclrtext                       clrtext      000000
__Lcomram                        comram       000000
__Lconfig                        config       000000
__Lconst                         const        000000
__LcstackBANK0                   cstackBANK0  000000
__LcstackBANK1                   cstackBANK1  000000
__LcstackCOMRAM                  cstackCOMRAM 000000
__Ldata                          data         000000
__LdataBANK1                     dataBANK1    000000
__Leeprom_data                   eeprom_data  000000
__Lfarbss                        farbss       000000
__Lfardata                       fardata      000000
__Lheap                          heap         000000
__Libigdata                      ibigdata     000000
__Lidata                         idata        000000
__LidataBANK1                    idataBANK1   000000
__Lidloc                         idloc        000000
__Lifardata                      ifardata     000000
__Linit                          init         00002A
__Lintcode                       intcode      000008
__Lintcode_body                  intcode_body 000000
__Lintcodelo                     intcodelo    000018
__Lintentry                      intentry     000000
__Lintret                        intret       000000
__Lintsave_regs                  intsave_regs 000000
__Lirdata                        irdata       000000
__Lmediumconst                   mediumconst  007E86
__LnvFARRAM                      nvFARRAM     000000
__Lnvbit                         nvbit        000000
__Lnvrram                        nvrram       000000
__Lparam                         rparam       000000
__Lpowerup                       powerup      00002A
__Lram                           ram          000000
__Lramtop                        ramtop       000800
__Lrbit                          rbit         000000
__Lrbss                          rbss         000000
__Lrdata                         rdata        000000
__Lreset_vec                     reset_vec    000000
__Lrparam                        rparam       000000
__Lsfr                           sfr          000000
__Lsmallconst                    smallconst   000000
__Lspace_0                       (abs)        000000
__Lspace_1                       (abs)        000000
__Lspace_2                       (abs)        000000
__Lspace_4                       (abs)        000000
__Lstack                         stack        000000
__Lstruct                        struct       000000
__Ltemp                          temp         000054
__Ltext                          text         000000
__Ltext0                         text0        000000
__Ltext1                         text1        000000
__Ltext10                        text10       000000
__Ltext11                        text11       000000
__Ltext12                        text12       000000
__Ltext13                        text13       000000
__Ltext14                        text14       000000
__Ltext15                        text15       000000
__Ltext16                        text16       000000
__Ltext17                        text17       000000
__Ltext18                        text18       000000
__Ltext19                        text19       000000
__Ltext2                         text2        000000
__Ltext20                        text20       000000
__Ltext21                        text21       000000
__Ltext22                        text22       000000
__Ltext23                        text23       000000
__Ltext24                        text24       000000
__Ltext25                        text25       000000
__Ltext26                        text26       000000
__Ltext27                        text27       000000
__Ltext28                        text28       000000
__Ltext29                        text29       000000
__Ltext3                         text3        000000
__Ltext30                        text30       000000
__Ltext31                        text31       000000
__Ltext32                        text32       000000
__Ltext33                        text33       000000
__Ltext34                        text34       000000
__Ltext35                        text35       000000
__Ltext36                        text36       000000
__Ltext37                        text37       000000
__Ltext38                        text38       000000
__Ltext39                        text39       000000
__Ltext4                         text4        000000
__Ltext40                        text40       000000
__Ltext41                        text41       000000
__Ltext42                        text42       000000
__Ltext43                        text43       000000
__Ltext44                        text44       000000
__Ltext45                        text45       000000
__Ltext46                        text46       000000
__Ltext47                        text47       000000
__Ltext48                        text48       000000
__Ltext49                        text49       000000
__Ltext5                         text5        000000
__Ltext50                        text50       000000
__Ltext51                        text51       000000
__Ltext52                        text52       000000
__Ltext53                        text53       000000
__Ltext54                        text54       000000
__Ltext55                        text55       000000
__Ltext56                        text56       000000
__Ltext57                        text57       000000
__Ltext58                        text58       000000
__Ltext59                        text59       000000
__Ltext6                         text6        000000
__Ltext60                        text60       000000
__Ltext61                        text61       000000
__Ltext62                        text62       000000
__Ltext63                        text63       000000
__Ltext64                        text64       000000
__Ltext65                        text65       000000
__Ltext66                        text66       000000
__Ltext67                        text67       000000
__Ltext68                        text68       000000
__Ltext69                        text69       000000
__Ltext7                         text7        000000
__Ltext70                        text70       000000
__Ltext71                        text71       000000
__Ltext72                        text72       000000
__Ltext73                        text73       000000
__Ltext74                        text74       000000
__Ltext75                        text75       000000
__Ltext76                        text76       000000
__Ltext77                        text77       000000
__Ltext78                        text78       000000
__Ltext79                        text79       000000
__Ltext8                         text8        000000
__Ltext80                        text80       000000
__Ltext81                        text81       000000
__Ltext82                        text82       000000
__Ltext83                        text83       000000
__Ltext84                        text84       000000
__Ltext85                        text85       000000
__Ltext86                        text86       000000
__Ltext87                        text87       000000
__Ltext88                        text88       000000
__Ltext89                        text89       000000
__Ltext9                         text9        000000
__Ltext92                        text92       000000
__Ltext93                        text93       000000
__Ltext94                        text94       000000
__S0                             (abs)        008000
__S1                             (abs)        00024F
__S4                             (abs)        000000
__S5                             (abs)        000000
___aodiv                         text36       0025BA
___aodiv@counter                 cstackCOMRAM 00001C
___aodiv@dividend                cstackCOMRAM 00000C
___aodiv@divisor                 cstackCOMRAM 000014
___aodiv@quotient                cstackCOMRAM 00001E
___aodiv@sign                    cstackCOMRAM 00001D
___aomod                         text35       002BF2
___aomod@counter                 cstackCOMRAM 00001C
___aomod@dividend                cstackCOMRAM 00000C
___aomod@divisor                 cstackCOMRAM 000014
___aomod@sign                    cstackCOMRAM 00001D
___fladd                         text88       001586
___fladd@a                       cstackBANK0  0000C9
___fladd@aexp                    cstackCOMRAM 000044
___fladd@b                       cstackBANK0  0000C5
___fladd@bexp                    cstackCOMRAM 000045
___fladd@grs                     cstackCOMRAM 000046
___fladd@signs                   cstackCOMRAM 000043
___fldiv                         text87       001B4A
___fldiv@a                       cstackCOMRAM 000037
___fldiv@aexp                    cstackBANK0  0000C4
___fldiv@b                       cstackCOMRAM 000033
___fldiv@bexp                    cstackBANK0  0000C3
___fldiv@grs                     cstackBANK0  0000BF
___fldiv@new_exp                 cstackBANK0  0000BD
___fldiv@rem                     cstackBANK0  0000B8
___fldiv@sign                    cstackBANK0  0000BC
___flmul                         text86       00125A
___flmul@a                       cstackCOMRAM 00001E
___flmul@aexp                    cstackCOMRAM 000027
___flmul@b                       cstackCOMRAM 00001A
___flmul@bexp                    cstackCOMRAM 00002C
___flmul@grs                     cstackCOMRAM 000028
___flmul@prod                    cstackCOMRAM 00002D
___flmul@sign                    cstackCOMRAM 000026
___flmul@temp                    cstackCOMRAM 000031
___fltol                         text85       0035A2
___fltol@exp1                    cstackBANK0  0000D6
___fltol@f1                      cstackBANK0  0000CD
___fltol@sign1                   cstackBANK0  0000D5
___heap_hi                       (abs)        000000
___heap_lo                       (abs)        000000
___inthi_sp                      stack        000000
___intlo_sp                      stack        000000
___lbdiv                         text66       003E10
___lbdiv@counter                 cstackCOMRAM 00000E
___lbdiv@dividend                cstackCOMRAM 00000D
___lbdiv@divisor                 cstackCOMRAM 00000C
___lbdiv@quotient                cstackCOMRAM 00000F
___lbmod                         text65       003FD8
___lbmod@counter                 cstackCOMRAM 00000E
___lbmod@dividend                cstackCOMRAM 00000D
___lbmod@divisor                 cstackCOMRAM 00000C
___lbmod@rem                     cstackCOMRAM 00000F
___lmul                          text40       003B8C
___lmul@multiplicand             cstackCOMRAM 000010
___lmul@multiplier               cstackCOMRAM 00000C
___lmul@product                  cstackCOMRAM 000014
___lwdiv                         text39       003C36
___lwdiv@counter                 cstackCOMRAM 000010
___lwdiv@dividend                cstackCOMRAM 00000C
___lwdiv@divisor                 cstackCOMRAM 00000E
___lwdiv@quotient                cstackCOMRAM 000011
___lwmod                         text38       003D12
___lwmod@counter                 cstackCOMRAM 000010
___lwmod@dividend                cstackCOMRAM 00000C
___lwmod@divisor                 cstackCOMRAM 00000E
___param_bank                    (abs)        000000
___rparam_used                   (abs)        000001
___sp                            stack        000000
___wmul                          text62       004050
___wmul@multiplicand             cstackCOMRAM 00000E
___wmul@multiplier               cstackCOMRAM 00000C
___wmul@product                  cstackCOMRAM 000010
___xxtofl                        text84       002846
___xxtofl@arg                    cstackCOMRAM 000016
___xxtofl@exp                    cstackCOMRAM 000015
___xxtofl@sign                   cstackCOMRAM 000014
___xxtofl@val                    cstackCOMRAM 00000C
__accesstop                      (abs)        000060
__activetblptr                   (abs)        000002
__end_of_ADC_init                text89       0040BE
__end_of_ADC_read                text42       003FAC
__end_of_BCD_a_Decimal           text78       004144
__end_of_Decimal_a_BCD           text64       0040FE
__end_of_EEpromRead              text41       0041AE
__end_of_EEpromWrite             text67       00409C
__end_of_I2C_Master_Init         text83       00370C
__end_of_I2C_Master_Read         text76       003EB6
__end_of_I2C_Master_Wait         text77       00402A
__end_of_I2C_Master_Write        text75       0041EA
__end_of_I2C_Repeated_Start      text74       004282
__end_of_I2C_Start               text73       00427A
__end_of_I2C_Stop                text72       004272
__end_of_INT_ISR_LOW             intcodelo    00002A
__end_of_INT_init                text82       00412E
__end_of_INT_isr                 intcode_body 00340C
__end_of_UART_init_baud          text81       004116
__end_of_UART_read               text94       00415A
__end_of_UART_write              text33       0041C6
__end_of___aodiv                 text36       002702
__end_of___aomod                 text35       002D16
__end_of___fladd                 text88       001892
__end_of___fldiv                 text87       001DD4
__end_of___flmul                 text86       001586
__end_of___fltol                 text85       00365C
__end_of___lbdiv                 text66       003E4A
__end_of___lbmod                 text65       004002
__end_of___lmul                  text40       003BE2
__end_of___lwdiv                 text39       003C88
__end_of___lwmod                 text38       003D54
__end_of___wmul                  text62       004076
__end_of___xxtofl                text84       002986
__end_of__initialization         cinit        003B22
__end_of_abs                     text34       003F1C
__end_of_atoi                    text59       002E28
__end_of_cambiarEstado           text45       0041DE
__end_of_cleanBuffer             text37       004050
__end_of_convOnOff               text23       003C36
__end_of_convStringDayWeek       text22       003AD2
__end_of_dtoa                    text28       002014
__end_of_escribirRTC             text63       0039EA
__end_of_executeTaskAlarm        text68       004262
__end_of_executeTaskAnalizaUart1 text46       004258
__end_of_executeTaskAplicacion   text16       0041BA
__end_of_executeTaskBuzzer       text14       004244
__end_of_executeTaskCluster      text12       00423A
__end_of_executeTaskLedLive      text10       004230
__end_of_extraerCalendar         text56       002846
__end_of_extraerFrame            text51       003240
__end_of_extraerHora             text50       0035A2
__end_of_extraerValue            text49       0034E2
__end_of_fputc                   text31       0038D6
__end_of_fputs                   text30       003EEA
__end_of_getMillis               text80       00417E
__end_of_inicioEstado            text44       0040DE
__end_of_isAlarmActive           text79       0025BA
__end_of_isdigit                 text61       003F7E
__end_of_isspace                 text60       003DD4
__end_of_leerRTC                 text71       0037B2
__end_of_leerRtcSeg              text70       003F4E
__end_of_main                    text0        003A60
__end_of_memset                  text58       002BF2
__end_of_oneBeep                 text43       0041D2
__end_of_pad                     text29       003960
__end_of_pinConfBuzzer           text9        004290
__end_of_pinConfCluster          text8        004294
__end_of_pinConfLedPin           text7        00426A
__end_of_putch                   text32       00424E
__end_of_readDevide              text21       00125A
__end_of_readMemoriaValues       text20       002246
__end_of_receiverUart1           text92       003E10
__end_of_reiniciarTemporizador   text19       00416C
__end_of_sprintf                 text24       003D12
__end_of_startTaskAlarm          text6        004226
__end_of_startTaskAnalizaUart1   text5        00421C
__end_of_startTaskAplicacion     text4        004212
__end_of_startTaskBuzzer         text3        004208
__end_of_startTaskCluster        text2        0041FE
__end_of_startTaskLedLive        text1        0041F4
__end_of_stoa                    text27       003044
__end_of_strchr                  text54       003E80
__end_of_strcpy                  text55       003FD8
__end_of_strlen                  text57       003D96
__end_of_strncmp                 text53       003326
__end_of_strstr                  text52       003846
__end_of_taskAlarm               text69       001B4A
__end_of_taskAnalizaUart1        text47       000938
__end_of_taskAplicacion          text17       000EB8
__end_of_taskBuzzer              text15       002AC0
__end_of_taskCluster             text13       002F38
__end_of_taskLedLive             text11       00314E
__end_of_transmitUart1           text48       003B8C
__end_of_twoBeep                 text18       0041A0
__end_of_vfpfcnvrt               text26       002436
__end_of_vfprintf                text25       003CD0
__end_ofescribirRTC@F2914        mediumconst  007E95
__end_ofescribirRTC@F2916        mediumconst  007E8E
__end_ofi2_getMillis             text93       004190
__end_ofleerRTC@F2903            mediumconst  007E9C
__initialization                 cinit        003AD2
__mediumconst                    mediumconst  007E86
__pbssBANK0                      bssBANK0     000060
__pbssBANK1                      bssBANK1     000100
__pbssBANK2                      bssBANK2     000200
__pbssCOMRAM                     bssCOMRAM    000047
__pcinit                         cinit        003AD2
__pcstackBANK0                   cstackBANK0  0000B8
__pcstackBANK1                   cstackBANK1  0001E7
__pcstackCOMRAM                  cstackCOMRAM 000001
__pdataBANK1                     dataBANK1    0001F0
__pidataBANK1                    idataBANK1   004282
__pintcode                       intcode      000008
__pintcode_body                  intcode_body 003326
__pintcodelo                     intcodelo    000018
__pmediumconst                   mediumconst  007E86
__ptext0                         text0        0039EA
__ptext1                         text1        0041EA
__ptext10                        text10       004226
__ptext11                        text11       003044
__ptext12                        text12       004230
__ptext13                        text13       002E28
__ptext14                        text14       00423A
__ptext15                        text15       002986
__ptext16                        text16       0041AE
__ptext17                        text17       000938
__ptext18                        text18       004190
__ptext19                        text19       00415A
__ptext2                         text2        0041F4
__ptext20                        text20       002014
__ptext21                        text21       000EB8
__ptext22                        text22       003A60
__ptext23                        text23       003BE2
__ptext24                        text24       003CD0
__ptext25                        text25       003C88
__ptext26                        text26       002246
__ptext27                        text27       002F38
__ptext28                        text28       001DD4
__ptext29                        text29       0038D6
__ptext3                         text3        0041FE
__ptext30                        text30       003EB6
__ptext31                        text31       003846
__ptext32                        text32       004244
__ptext33                        text33       0041BA
__ptext34                        text34       003EEA
__ptext35                        text35       002BF2
__ptext36                        text36       0025BA
__ptext37                        text37       00402A
__ptext38                        text38       003D12
__ptext39                        text39       003C36
__ptext4                         text4        004208
__ptext40                        text40       003B8C
__ptext41                        text41       0041A0
__ptext42                        text42       003F7E
__ptext43                        text43       0041C6
__ptext44                        text44       0040BE
__ptext45                        text45       0041D2
__ptext46                        text46       00424E
__ptext47                        text47       00002E
__ptext48                        text48       003B30
__ptext49                        text49       00340C
__ptext5                         text5        004212
__ptext50                        text50       0034E2
__ptext51                        text51       00314E
__ptext52                        text52       0037B2
__ptext53                        text53       003240
__ptext54                        text54       003E4A
__ptext55                        text55       003FAC
__ptext56                        text56       002702
__ptext57                        text57       003D54
__ptext58                        text58       002AC0
__ptext59                        text59       002D16
__ptext6                         text6        00421C
__ptext60                        text60       003D96
__ptext61                        text61       003F4E
__ptext62                        text62       004050
__ptext63                        text63       003960
__ptext64                        text64       0040DE
__ptext65                        text65       003FD8
__ptext66                        text66       003E10
__ptext67                        text67       004076
__ptext68                        text68       004258
__ptext69                        text69       001892
__ptext7                         text7        004262
__ptext70                        text70       003F1C
__ptext71                        text71       00370C
__ptext72                        text72       00426A
__ptext73                        text73       004272
__ptext74                        text74       00427A
__ptext75                        text75       0041DE
__ptext76                        text76       003E80
__ptext77                        text77       004002
__ptext78                        text78       00412E
__ptext79                        text79       002436
__ptext8                         text8        004290
__ptext80                        text80       00416C
__ptext81                        text81       0040FE
__ptext82                        text82       004116
__ptext83                        text83       00365C
__ptext84                        text84       002846
__ptext85                        text85       0035A2
__ptext86                        text86       00125A
__ptext87                        text87       001B4A
__ptext88                        text88       001586
__ptext89                        text89       00409C
__ptext9                         text9        00428A
__ptext92                        text92       003DD4
__ptext93                        text93       00417E
__ptext94                        text94       004144
__ramtop                         ramtop       000800
__smallconst                     smallconst   000000
_abs                             text34       003EEA
_ala                             bssBANK0     000084
_ala1                            bssBANK1     0001D9
_ala2                            bssBANK1     0001CB
_ala3                            bssBANK1     0001BD
_ala4                            bssBANK1     0001AF
_ala5                            bssBANK1     0001A1
_anaT1                           bssBANK1     00015C
_ano                             bssBANK0     00009E
_ap                              bssBANK1     000114
_atoi                            text59       002D16
_cambiarEstado                   text45       0041D2
_cl                              bssBANK0     00008A
_cleanBuffer                     text37       00402A
_convOnOff                       text23       003BE2
_convStringDayWeek               text22       003A60
_dbuf                            bssBANK2     00022F
_dia                             bssBANK0     0000A0
_diaSe                           bssBANK0     00009D
_dtoa                            text28       001DD4
_dtoa$2787                       cstackBANK0  0000B8
_escribirRTC                     text63       003960
_executeTaskAlarm                text68       004258
_executeTaskAnalizaUart1         text46       00424E
_executeTaskAplicacion           text16       0041AE
_executeTaskBuzzer               text14       00423A
_executeTaskCluster              text12       004230
_executeTaskLedLive              text10       004226
_extraerCalendar                 text56       002702
_extraerFrame                    text51       00314E
_extraerHora                     text50       0034E2
_extraerValue                    text49       00340C
_flagInitStLed                   bssCOMRAM    00004C
_flagStartBuzzer                 bssBANK0     00009C
_flags                           bssCOMRAM    000049
_fputc                           text31       003846
_fputs                           text30       003EB6
_getMillis                       text80       00416C
_hor                             bssBANK0     0000A3
_inicioEstado                    text44       0040BE
_isAlarmActive                   text79       002436
_isdigit                         text61       003F4E
_isspace                         text60       003D96
_isspace$2691                    cstackCOMRAM 000012
_leerRTC                         text71       00370C
_leerRtcSeg                      text70       003F1C
_main                            text0        0039EA
_memo                            bssBANK0     000060
_memset                          text58       002AC0
_mes                             bssBANK0     00009F
_min                             bssBANK0     0000A2
_nout                            bssBANK0     000096
_oneBeep                         text43       0041C6
_pad                             text29       0038D6
_pinConfBuzzer                   text9        00428A
_pinConfCluster                  text8        004290
_pinConfLedPin                   text7        004262
_prec                            bssCOMRAM    000047
_ptTaskAlarm                     bssBANK0     0000B6
_ptTaskAnalizaUart1              bssBANK0     0000AC
_ptTaskAplicacion                bssBANK0     0000B4
_ptTaskBuzzer                    bssBANK0     0000B2
_ptTaskCluster                   bssBANK0     0000B0
_ptTaskLedLive                   bssBANK0     0000AE
_putch                           text32       004244
_readDevide                      text21       000EB8
_readMemoriaValues               text20       002014
_receiverUart1                   text92       003DD4
_reiniciarTemporizador           text19       00415A
_rtc                             bssBANK0     0000A5
_seg                             bssBANK0     0000A1
_serial1                         bssBANK2     000200
_sprintf                         text24       003CD0
_startTaskAlarm                  text6        00421C
_startTaskAnalizaUart1           text5        004212
_startTaskAplicacion             text4        004208
_startTaskBuzzer                 text3        0041FE
_startTaskCluster                text2        0041F4
_startTaskLedLive                text1        0041EA
_stateAlarm                      bssCOMRAM    000053
_stateAnaTrama1                  bssCOMRAM    00004B
_stateAp                         bssBANK0     0000A4
_stateBuzzer                     bssCOMRAM    000052
_stateCluster                    bssCOMRAM    00004E
_state_ledLive                   bssCOMRAM    00004D
_stoa                            text27       002F38
_strchr                          text54       003E4A
_strcpy                          text55       003FAC
_strlen                          text57       003D54
_strncmp                         text53       003240
_strstr                          text52       0037B2
_taskAlarm                       text69       001892
_taskAlarm$1027                  cstackCOMRAM 00002B
_taskAnalizaUart1                text47       00002E
_taskAplicacion                  text17       000938
_taskBuzzer                      text15       002986
_taskCluster                     text13       002E28
_taskLedLive                     text11       003044
_transmitUart1                   text48       003B30
_twoBeep                         text18       004190
_ucCntTimeBuzzer                 bssCOMRAM    000050
_ucIteradorBuzzer                bssCOMRAM    00004F
_ucTypeBeep                      bssCOMRAM    000051
_uiCntLedLive                    bssBANK0     00009A
_ulCntPeriodAlarm                bssBANK1     00010C
_ulCntPeriodAnaUart1             bssBANK1     000104
_ulCntPeriodAplicacion           bssBANK1     000110
_ulCntPeriodBuzzer               bssBANK1     000108
_ulCntPeriodCluster              bssBANK1     000100
_ulCntPeriodLedLive              bssBANK0     000092
_ulCntTick1ms                    bssBANK0     00008E
_vfpfcnvrt                       text26       002246
_vfpfcnvrt$2816                  cstackCOMRAM 000043
_vfprintf                        text25       003C88
_width                           bssBANK0     000098
abs@a                            cstackCOMRAM 00001E
atoi@n                           cstackCOMRAM 00001B
atoi@neg                         cstackCOMRAM 000019
atoi@s                           cstackCOMRAM 000013
btemp                            temp         000054
cambiarEstado@state              cstackCOMRAM 00000C
cleanBuffer@orig                 cstackCOMRAM 00001C
convOnOff@dest                   cstackBANK0  0000E8
convOnOff@enable                 cstackBANK0  0000E9
convStringDayWeek@dayWeek        cstackBANK0  0000E9
convStringDayWeek@dest           cstackBANK0  0000E8
dtoa@d                           cstackCOMRAM 000027
dtoa@fp                          cstackCOMRAM 000026
dtoa@i                           cstackBANK0  0000C8
dtoa@n                           cstackBANK0  0000C0
dtoa@p                           cstackBANK0  0000BA
dtoa@s                           cstackBANK0  0000BE
dtoa@w                           cstackBANK0  0000BC
end_of_initialization            cinit        003B22
escribirRTC@F2914                mediumconst  007E8E
escribirRTC@F2916                mediumconst  007E87
escribirRTC@ano                  cstackCOMRAM 000016
escribirRTC@dia                  cstackCOMRAM 000014
escribirRTC@diaSe                cstackCOMRAM 000017
escribirRTC@hor                  cstackCOMRAM 00001F
escribirRTC@i                    cstackCOMRAM 000027
escribirRTC@mes                  cstackCOMRAM 000015
escribirRTC@min                  cstackCOMRAM 000012
escribirRTC@rtc_datos            cstackCOMRAM 000020
escribirRTC@rtc_dir              cstackCOMRAM 000018
escribirRTC@seg                  cstackCOMRAM 000013
extraerCalendar@ano              cstackCOMRAM 000023
extraerCalendar@buffer           cstackCOMRAM 00002B
extraerCalendar@day              cstackCOMRAM 000027
extraerCalendar@dayWeek          cstackCOMRAM 00002A
extraerCalendar@dia              cstackCOMRAM 00001F
extraerCalendar@diaSema          cstackCOMRAM 000025
extraerCalendar@mes              cstackCOMRAM 000021
extraerCalendar@month            cstackCOMRAM 000028
extraerCalendar@orig             cstackCOMRAM 00001D
extraerCalendar@year             cstackCOMRAM 000029
extraerFrame@buffer              cstackCOMRAM 000026
extraerFrame@cnt                 cstackCOMRAM 000036
extraerFrame@dest                cstackCOMRAM 00001F
extraerFrame@end                 cstackCOMRAM 000023
extraerFrame@init                cstackCOMRAM 000021
extraerFrame@orig                cstackCOMRAM 00001D
extraerFrame@ptrData             cstackCOMRAM 000037
extraerHora@buffer               cstackCOMRAM 000025
extraerHora@hor                  cstackCOMRAM 00001F
extraerHora@hora                 cstackCOMRAM 000023
extraerHora@min                  cstackCOMRAM 000021
extraerHora@minuto               cstackCOMRAM 000024
extraerHora@orig                 cstackCOMRAM 00001D
extraerValue@buffer              cstackCOMRAM 000024
extraerValue@cnt                 cstackCOMRAM 00002F
extraerValue@end                 cstackCOMRAM 000021
extraerValue@init                cstackCOMRAM 00001F
extraerValue@orig                cstackCOMRAM 00001D
extraerValue@ptrData             cstackCOMRAM 000030
extraerValue@value               cstackCOMRAM 00002E
fputc@c                          cstackCOMRAM 00000E
fputc@fp                         cstackCOMRAM 000010
fputs@c                          cstackCOMRAM 000019
fputs@fp                         cstackCOMRAM 000018
fputs@i                          cstackCOMRAM 00001A
fputs@s                          cstackCOMRAM 000016
i2_getMillis                     text93       00417E
inicioEstado@state               cstackCOMRAM 00000C
int$flags                        temp         000054
int_func                         intcode_body 003326
intlevel0                        text         000000
intlevel1                        text         000000
intlevel2                        text         000000
intlevel3                        text         000000
isAlarmActive@a                  cstackCOMRAM 00000C
isAlarmActive@r                  cstackCOMRAM 00000E
isAlarmActive@t_act              cstackCOMRAM 000013
isAlarmActive@t_end              cstackCOMRAM 000017
isAlarmActive@t_init             cstackCOMRAM 000015
isa$std                          (abs)        000001
isa$xinst                        (abs)        000000
isdigit@c                        cstackCOMRAM 00000C
isspace@c                        cstackCOMRAM 00000C
leerRTC@F2903                    mediumconst  007E95
leerRTC@ano                      cstackCOMRAM 000017
leerRTC@dia                      cstackCOMRAM 000015
leerRTC@diaSe                    cstackCOMRAM 000018
leerRTC@hora                     cstackCOMRAM 000012
leerRTC@i                        cstackCOMRAM 000027
leerRTC@mes                      cstackCOMRAM 000016
leerRTC@minutos                  cstackCOMRAM 000013
leerRTC@rtc                      cstackCOMRAM 000020
leerRTC@rtc_dir                  cstackCOMRAM 000019
leerRTC@segundos                 cstackCOMRAM 000014
leerRtcSeg@segundos              cstackCOMRAM 000012
memset@c                         cstackCOMRAM 000012
memset@dest                      cstackCOMRAM 000010
memset@k                         cstackCOMRAM 000018
memset@n                         cstackCOMRAM 000014
memset@s                         cstackCOMRAM 00001A
pad@buf                          cstackCOMRAM 00001D
pad@fp                           cstackCOMRAM 00001C
pad@i                            cstackCOMRAM 000022
pad@p                            cstackCOMRAM 00001F
pad@w                            cstackCOMRAM 000024
putch@dato                       cstackCOMRAM 00000D
readDevide@bufferEnable          cstackBANK0  0000F8
readDevide@bufferHorario         cstackBANK0  0000F3
readDevide@cortes                cstackBANK0  0000EF
readDevide@raw_volt              cstackBANK0  0000ED
readDevide@volt_dec              cstackBANK0  0000F1
receiverUart1@dest               cstackCOMRAM 000005
reiniciarTemporizador@time       cstackCOMRAM 00000C
sprintf@ap                       cstackBANK0  0000DC
sprintf@f                        cstackBANK0  0000DD
sprintf@fmt                      cstackBANK0  0000D0
sprintf@s                        cstackBANK0  0000CE
stackhi                          (abs)        000000
stacklo                          (abs)        000000
start                            init         00002A
start_initialization             cinit        003AD2
stoa@F1150                       dataBANK1    0001F0
stoa@cp                          cstackCOMRAM 000024
stoa@fp                          cstackCOMRAM 000016
stoa@i                           cstackCOMRAM 000020
stoa@l                           cstackCOMRAM 000027
stoa@nuls                        cstackCOMRAM 000019
stoa@p                           cstackCOMRAM 000025
stoa@s                           cstackCOMRAM 000017
stoa@w                           cstackCOMRAM 000022
strchr@c                         cstackCOMRAM 00000E
strchr@s                         cstackCOMRAM 00000C
strcpy@d                         cstackCOMRAM 00000F
strcpy@dest                      cstackCOMRAM 00000C
strcpy@s                         cstackCOMRAM 000011
strcpy@src                       cstackCOMRAM 00000E
strlen@a                         cstackCOMRAM 00000E
strlen@s                         cstackCOMRAM 00000C
strncmp@_l                       cstackCOMRAM 00000C
strncmp@_r                       cstackCOMRAM 00000E
strncmp@l                        cstackCOMRAM 000013
strncmp@n                        cstackCOMRAM 000010
strncmp@r                        cstackCOMRAM 000015
strstr@h                         cstackCOMRAM 000017
strstr@n                         cstackCOMRAM 000019
strstr@nl                        cstackCOMRAM 00001B
taskAlarm@pt                     cstackCOMRAM 000028
taskAnalizaUart1@c               cstackCOMRAM 00003E
taskAnalizaUart1@i               cstackCOMRAM 000042
taskAnalizaUart1@i_2165          cstackCOMRAM 000040
taskAnalizaUart1@pt              cstackCOMRAM 000039
taskAnalizaUart1@x               cstackCOMRAM 00003F
taskAplicacion@cnt_cortes        cstackBANK1  0001EE
taskAplicacion@pt                cstackBANK0  0000FD
taskAplicacion@raw_temp          cstackBANK1  0001EC
taskAplicacion@raw_volt          cstackBANK1  0001EA
taskBuzzer@pt                    cstackCOMRAM 000010
taskCluster@pt                   cstackCOMRAM 000010
taskLedLive@pt                   cstackCOMRAM 000010
transmitUart1@ptr                cstackCOMRAM 00000C
ttemp5                           temp         000055
ttemp6                           temp         000058
ttemp7                           temp         00005C
vfpfcnvrt@ap                     cstackCOMRAM 000039
vfpfcnvrt@cp                     cstackCOMRAM 000042
vfpfcnvrt@fmt                    cstackCOMRAM 000038
vfpfcnvrt@fp                     cstackCOMRAM 000037
vfpfcnvrt@ll                     cstackCOMRAM 00003A
vfprintf@ap                      cstackBANK0  0000CD
vfprintf@cfmt                    cstackCOMRAM 000045
vfprintf@fmt                     cstackBANK0  0000CB
vfprintf@fp                      cstackBANK0  0000CA
wtemp8                           temp         000055


MODULE INFORMATION

Module		Function		Class		Link	Load	Size
C:\Program Files\Microchip\xc8\v2.36\pic\sources\c99\common\nf_fputs.c
		_fputs         		CODE           	3EB6	0000	52

C:\Program Files\Microchip\xc8\v2.36\pic\sources\c99\common\nf_fputs.c estimated size: 52

C:\Program Files\Microchip\xc8\v2.36\pic\sources\c99\common\aomod.c
		___aomod       		CODE           	2BF2	0000	292

C:\Program Files\Microchip\xc8\v2.36\pic\sources\c99\common\aomod.c estimated size: 292

Aplicacion.c
		_convOnOff     		CODE           	3BE2	0000	84
		_convStringDayWeek		CODE           	3A60	0000	114
		_cleanBuffer   		CODE           	402A	0000	38
		_cambiarEstado 		CODE           	41D2	0000	12
		_executeTaskAplicacion		CODE           	41AE	0000	12
		_inicioEstado  		CODE           	40BE	0000	32
		_readMemoriaValues		CODE           	2014	0000	562
		_startTaskAplicacion		CODE           	4208	0000	10
		_reiniciarTemporizador		CODE           	415A	0000	18
		_taskAplicacion		CODE           	0938	0000	1408
		_readDevide    		CODE           	0EB8	0000	930

Aplicacion.c estimated size: 3220

C:\Program Files\Microchip\xc8\v2.36\pic\sources\c99\common\strncmp.c
		_strncmp       		CODE           	3240	0000	230

C:\Program Files\Microchip\xc8\v2.36\pic\sources\c99\common\strncmp.c estimated size: 230

C:\Program Files\Microchip\xc8\v2.36\pic\sources\c99\common\sprcmul.c
		___flmul       		CODE           	125A	0000	812

C:\Program Files\Microchip\xc8\v2.36\pic\sources\c99\common\sprcmul.c estimated size: 812

Alarma.c
		_executeTaskAlarm		CODE           	4258	0000	10
		_taskAlarm     		CODE           	1892	0000	696
		_startTaskAlarm		CODE           	421C	0000	10
		_isAlarmActive 		CODE           	2436	0000	388

Alarma.c estimated size: 1104

C:\Program Files\Microchip\xc8\v2.36\pic\sources\c99\common\sprcdiv.c
		___fldiv       		CODE           	1B4A	0000	650

C:\Program Files\Microchip\xc8\v2.36\pic\sources\c99\common\sprcdiv.c estimated size: 650

C:\Program Files\Microchip\xc8\v2.36\pic\sources\c99\common\atoi.c
		_atoi          		CODE           	2D16	0000	274

C:\Program Files\Microchip\xc8\v2.36\pic\sources\c99\common\atoi.c estimated size: 274

C:\Program Files\Microchip\xc8\v2.36\pic\sources\c99\common\lwmod.c
		___lwmod       		CODE           	3D12	0000	66

C:\Program Files\Microchip\xc8\v2.36\pic\sources\c99\common\lwmod.c estimated size: 66

C:\Program Files\Microchip\xc8\v2.36\pic\sources\c99\common\Umul32.c
		___lmul        		CODE           	3B8C	0000	86

C:\Program Files\Microchip\xc8\v2.36\pic\sources\c99\common\Umul32.c estimated size: 86

C:\Program Files\Microchip\xc8\v2.36\pic\sources\c99\common\nf_sprintf.c
		_sprintf       		CODE           	3CD0	0000	66

C:\Program Files\Microchip\xc8\v2.36\pic\sources\c99\common\nf_sprintf.c estimated size: 66

C:\Program Files\Microchip\xc8\v2.36\pic\sources\c99\common\isspace.c
		_isspace       		CODE           	3D96	0000	62

C:\Program Files\Microchip\xc8\v2.36\pic\sources\c99\common\isspace.c estimated size: 62

I2C.c
		_I2C_Master_Read		CODE           	3E80	0000	54
		_I2C_Master_Wait		CODE           	4002	0000	40
		_I2C_Master_Init		CODE           	365C	0000	176
		_I2C_Stop      		CODE           	426A	0000	8
		_I2C_Repeated_Start		CODE           	427A	0000	8
		_I2C_Master_Write		CODE           	41DE	0000	12
		_I2C_Start     		CODE           	4272	0000	8

I2C.c estimated size: 306

C:\Program Files\Microchip\xc8\v2.36\pic\sources\c99\common\xxtofl.c
		___xxtofl      		CODE           	2846	0000	320

C:\Program Files\Microchip\xc8\v2.36\pic\sources\c99\common\xxtofl.c estimated size: 320

./UART.h
		_UART_read     		CODE           	4144	0000	22
		_putch         		CODE           	4244	0000	10
		_UART_init_baud		CODE           	40FE	0000	24
		_UART_write    		CODE           	41BA	0000	12

./UART.h estimated size: 68

C:\Program Files\Microchip\xc8\v2.36\pic\sources\c99\common\strlen.c
		_strlen        		CODE           	3D54	0000	66

C:\Program Files\Microchip\xc8\v2.36\pic\sources\c99\common\strlen.c estimated size: 66

Serial.c
		_transmitUart1 		CODE           	3B30	0000	92
		_taskAnalizaUart1		CODE           	002E	0000	2314
		_extraerHora   		CODE           	34E2	0000	192
		_extraerFrame  		CODE           	314E	0000	242
		_extraerValue  		CODE           	340C	0000	214
		_receiverUart1 		CODE           	3DD4	0000	60
		_startTaskAnalizaUart1		CODE           	4212	0000	10
		_executeTaskAnalizaUart1		CODE           	424E	0000	10
		_extraerCalendar		CODE           	2702	0000	324

Serial.c estimated size: 3458

C:\Program Files\Microchip\xc8\v2.36\pic\sources\c99\common\strchr.c
		_strchr        		CODE           	3E4A	0000	54

C:\Program Files\Microchip\xc8\v2.36\pic\sources\c99\common\strchr.c estimated size: 54

C:\Program Files\Microchip\xc8\v2.36\pic\sources\c99\common\strcpy.c
		_strcpy        		CODE           	3FAC	0000	44

C:\Program Files\Microchip\xc8\v2.36\pic\sources\c99\common\strcpy.c estimated size: 44

C:\Program Files\Microchip\xc8\v2.36\pic\sources\c99\common\aodiv.c
		___aodiv       		CODE           	25BA	0000	328

C:\Program Files\Microchip\xc8\v2.36\pic\sources\c99\common\aodiv.c estimated size: 328

C:\Program Files\Microchip\xc8\v2.36\pic\sources\c99\common\memset.c
		_memset        		CODE           	2AC0	0000	306

C:\Program Files\Microchip\xc8\v2.36\pic\sources\c99\common\memset.c estimated size: 306

Buzzer.c
		_taskBuzzer    		CODE           	2986	0000	314
		_pinConfBuzzer 		CODE           	428A	0000	6
		_twoBeep       		CODE           	4190	0000	16
		_executeTaskBuzzer		CODE           	423A	0000	10
		_oneBeep       		CODE           	41C6	0000	12
		_startTaskBuzzer		CODE           	41FE	0000	10

Buzzer.c estimated size: 368

TimeBase.c
		_getMillis     		CODE           	416C	0000	18

TimeBase.c estimated size: 18

C:\Program Files\Microchip\xc8\v2.36\pic\sources\c99\common\nf_fputc.c
		_fputc         		CODE           	3846	0000	144

C:\Program Files\Microchip\xc8\v2.36\pic\sources\c99\common\nf_fputc.c estimated size: 144

C:\Program Files\Microchip\xc8\v2.36\pic\sources\c99\common\isdigit.c
		_isdigit       		CODE           	3F4E	0000	48

C:\Program Files\Microchip\xc8\v2.36\pic\sources\c99\common\isdigit.c estimated size: 48

C:\Program Files\Microchip\xc8\v2.36\pic\sources\c99\common\sprcadd.c
		___fladd       		CODE           	1586	0000	780

C:\Program Files\Microchip\xc8\v2.36\pic\sources\c99\common\sprcadd.c estimated size: 780

C:\Program Files\Microchip\xc8\v2.36\pic\sources\c99\common\lwdiv.c
		___lwdiv       		CODE           	3C36	0000	82

C:\Program Files\Microchip\xc8\v2.36\pic\sources\c99\common\lwdiv.c estimated size: 82

C:\Program Files\Microchip\xc8\v2.36\pic\sources\c99\common\doprnt.c
		_vfpfcnvrt     		CODE           	2246	0000	496
		_pad           		CODE           	38D6	0000	138
		_dtoa          		CODE           	1DD4	0000	576
		_vfprintf      		CODE           	3C88	0000	72
		_stoa          		CODE           	2F38	0000	268

C:\Program Files\Microchip\xc8\v2.36\pic\sources\c99\common\doprnt.c estimated size: 1550

C:\Program Files\Microchip\xc8\v2.36\pic\sources\c99\common\fltol.c
		___fltol       		CODE           	35A2	0000	186

C:\Program Files\Microchip\xc8\v2.36\pic\sources\c99\common\fltol.c estimated size: 186

C:\Program Files\Microchip\xc8\v2.36\pic\sources\c99\common\lbmod.c
		___lbmod       		CODE           	3FD8	0000	42

C:\Program Files\Microchip\xc8\v2.36\pic\sources\c99\common\lbmod.c estimated size: 42

shared
		escribirRTC@F2914		MEDIUMCONST    	7E8E	0000	7
		escribirRTC@F2916		MEDIUMCONST    	7E87	0000	7
		__initialization		CODE           	3AD2	0000	80
		i2_getMillis   		CODE           	417E	0000	18
		leerRTC@F2903  		MEDIUMCONST    	7E95	0000	7

shared estimated size: 119

DS1307.c
		_BCD_a_Decimal 		CODE           	412E	0000	22
		_leerRTC       		CODE           	370C	0000	166
		_leerRtcSeg    		CODE           	3F1C	0000	50
		_escribirRTC   		CODE           	3960	0000	138
		_Decimal_a_BCD 		CODE           	40DE	0000	32

DS1307.c estimated size: 408

C:\Program Files\Microchip\xc8\v2.36\pic\sources\c99\common\abs.c
		_abs           		CODE           	3EEA	0000	50

C:\Program Files\Microchip\xc8\v2.36\pic\sources\c99\common\abs.c estimated size: 50

LedLive.c
		_taskLedLive   		CODE           	3044	0000	266
		_pinConfLedPin 		CODE           	4262	0000	8
		_startTaskLedLive		CODE           	41EA	0000	10
		_executeTaskLedLive		CODE           	4226	0000	10

LedLive.c estimated size: 294

Cluster.c
		_pinConfCluster		CODE           	4290	0000	4
		_startTaskCluster		CODE           	41F4	0000	10
		_taskCluster   		CODE           	2E28	0000	272
		_executeTaskCluster		CODE           	4230	0000	10

Cluster.c estimated size: 296

main.c
		_main          		CODE           	39EA	0000	118
		_INT_isr       		CODE           	0008	0000	236
		_ADC_read      		CODE           	3F7E	0000	46
		_ADC_init      		CODE           	409C	0000	34
		_INT_init      		CODE           	4116	0000	24
		_INT_ISR_LOW   		CODE           	0018	0000	18

main.c estimated size: 476

EEprom.c
		_EEpromWrite   		CODE           	4076	0000	38
		_EEpromRead    		CODE           	41A0	0000	14

EEprom.c estimated size: 52

C:\Program Files\Microchip\xc8\v2.36\pic\sources\c99\common\strstr.c
		_strstr        		CODE           	37B2	0000	148

C:\Program Files\Microchip\xc8\v2.36\pic\sources\c99\common\strstr.c estimated size: 148

C:\Program Files\Microchip\xc8\v2.36\pic\sources\c99\common\Umul16.c
		___wmul        		CODE           	4050	0000	38

C:\Program Files\Microchip\xc8\v2.36\pic\sources\c99\common\Umul16.c estimated size: 38

C:\Program Files\Microchip\xc8\v2.36\pic\sources\c99\common\lbdiv.c
		___lbdiv       		CODE           	3E10	0000	58

C:\Program Files\Microchip\xc8\v2.36\pic\sources\c99\common\lbdiv.c estimated size: 58

